../Core/Src/main.c:94:1:__io_putchar	16	static
../Core/Src/main.c:108:6:HAL_SYSTICK_Callback	4	static
../Core/Src/main.c:118:6:HAL_TIM_PeriodElapsedCallback	16	static
../Core/Src/main.c:130:6:delay_us	16	static
../Core/Src/main.c:143:5:main	8	static
../Core/Src/main.c:245:6:SystemClock_Config	88	static
../Core/Src/main.c:292:13:MX_NVIC_Init	8	static
../Core/Src/main.c:304:13:MX_I2C1_Init	8	static
../Core/Src/main.c:338:13:MX_RTC_Init	32	static
../Core/Src/main.c:401:13:MX_TIM1_Init	48	static
../Core/Src/main.c:460:13:MX_TIM11_Init	8	static
../Core/Src/main.c:491:13:MX_USART2_UART_Init	8	static
../Core/Src/main.c:524:13:MX_GPIO_Init	48	static
../Core/Src/main.c:589:6:Error_Handler	4	static,ignoring_inline_asm
