../Core/Src/main.c:106:1:__io_putchar	16	static
../Core/Src/main.c:121:6:HAL_SYSTICK_Callback	4	static
../Core/Src/main.c:134:6:HAL_TIM_PeriodElapsedCallback	16	static
../Core/Src/main.c:149:6:HAL_GPIO_EXTI_Callback	16	static
../Core/Src/main.c:176:6:delay_us	16	static
../Core/Src/main.c:189:5:main	8	static
../Core/Src/main.c:265:6:SystemClock_Config	88	static
../Core/Src/main.c:312:13:MX_NVIC_Init	8	static
../Core/Src/main.c:324:13:MX_I2C1_Init	8	static
../Core/Src/main.c:358:13:MX_RTC_Init	32	static
../Core/Src/main.c:421:13:MX_TIM1_Init	48	static
../Core/Src/main.c:480:13:MX_TIM2_Init	64	static
../Core/Src/main.c:539:13:MX_TIM3_Init	48	static
../Core/Src/main.c:588:13:MX_TIM11_Init	8	static
../Core/Src/main.c:619:13:MX_USART1_UART_Init	8	static
../Core/Src/main.c:652:13:MX_USART2_UART_Init	8	static
../Core/Src/main.c:685:13:MX_GPIO_Init	48	static
../Core/Src/main.c:752:6:Error_Handler	4	static,ignoring_inline_asm
