../Core/Src/main.c:88:1:__io_putchar	16	static
../Core/Src/main.c:102:6:HAL_SYSTICK_Callback	4	static
../Core/Src/main.c:112:6:HAL_TIM_PeriodElapsedCallback	16	static
../Core/Src/main.c:124:6:delay_us	16	static
../Core/Src/main.c:137:5:main	8	static
../Core/Src/main.c:233:6:SystemClock_Config	88	static
../Core/Src/main.c:279:13:MX_NVIC_Init	8	static
../Core/Src/main.c:291:13:MX_TIM1_Init	48	static
../Core/Src/main.c:350:13:MX_TIM11_Init	8	static
../Core/Src/main.c:381:13:MX_USART2_UART_Init	8	static
../Core/Src/main.c:414:13:MX_GPIO_Init	48	static
../Core/Src/main.c:479:6:Error_Handler	4	static,ignoring_inline_asm
