../Core/Src/main.c:99:1:__io_putchar	16	static
../Core/Src/main.c:114:6:HAL_SYSTICK_Callback	4	static
../Core/Src/main.c:126:6:HAL_TIM_PeriodElapsedCallback	16	static
../Core/Src/main.c:140:6:HAL_GPIO_EXTI_Callback	16	static
../Core/Src/main.c:167:6:delay_us	16	static
../Core/Src/main.c:180:5:main	8	static
../Core/Src/main.c:249:6:SystemClock_Config	88	static
../Core/Src/main.c:296:13:MX_NVIC_Init	8	static
../Core/Src/main.c:308:13:MX_I2C1_Init	8	static
../Core/Src/main.c:342:13:MX_RTC_Init	32	static
../Core/Src/main.c:405:13:MX_TIM1_Init	48	static
../Core/Src/main.c:464:13:MX_TIM2_Init	64	static
../Core/Src/main.c:523:13:MX_TIM11_Init	8	static
../Core/Src/main.c:554:13:MX_USART2_UART_Init	8	static
../Core/Src/main.c:587:13:MX_GPIO_Init	48	static
../Core/Src/main.c:658:6:Error_Handler	4	static,ignoring_inline_asm
