../Core/Src/main.c:106:1:__io_putchar	16	static
../Core/Src/main.c:121:6:HAL_SYSTICK_Callback	4	static
../Core/Src/main.c:133:6:HAL_TIM_PeriodElapsedCallback	16	static
../Core/Src/main.c:147:6:HAL_GPIO_EXTI_Callback	16	static
../Core/Src/main.c:174:6:delay_us	16	static
../Core/Src/main.c:187:5:main	8	static
../Core/Src/main.c:262:6:SystemClock_Config	88	static
../Core/Src/main.c:309:13:MX_NVIC_Init	8	static
../Core/Src/main.c:321:13:MX_I2C1_Init	8	static
../Core/Src/main.c:355:13:MX_RTC_Init	32	static
../Core/Src/main.c:418:13:MX_TIM1_Init	48	static
../Core/Src/main.c:477:13:MX_TIM2_Init	64	static
../Core/Src/main.c:536:13:MX_TIM3_Init	48	static
../Core/Src/main.c:585:13:MX_TIM11_Init	8	static
../Core/Src/main.c:616:13:MX_USART1_UART_Init	8	static
../Core/Src/main.c:649:13:MX_USART2_UART_Init	8	static
../Core/Src/main.c:682:13:MX_GPIO_Init	48	static
../Core/Src/main.c:749:6:Error_Handler	4	static,ignoring_inline_asm
